
 Start  Stop   Length Name               Class

 00000H 00A15H 00A16H _TEXT              CODE
 00A20H 00C33H 00214H _DATA              DATA
 00C34H 00C37H 00004H _EMUSEG            DATA
 00C38H 00C39H 00002H _CRTSEG            DATA
 00C3AH 00C3AH 00000H _CVTSEG            DATA
 00C3AH 00C3AH 00000H _SCNSEG            DATA
 00C3AH 00C7FH 00046H _BSS               BSS
 00C80H 00C80H 00000H _BSSEND            STACK

Detailed map of segments

0000:0000 02D8 C=CODE S=_TEXT G=DGROUP M=C0T ACBP=28
0000:02D8 02A2 C=CODE S=_TEXT G=(none) M=ECHOX.C ACBP=28
0000:057A 002C C=CODE S=_TEXT G=(none) M=ARRCPY.C ACBP=28
0000:05A6 003B C=CODE S=_TEXT G=(none) M=IOERROR ACBP=28
0000:05E1 0030 C=CODE S=_TEXT G=(none) M=EXIT ACBP=28
0000:0611 0000 C=CODE S=_TEXT G=(none) M=HEAPLEN ACBP=28
0000:0611 00F1 C=CODE S=_TEXT G=(none) M=SETARGV ACBP=28
0000:0702 004A C=CODE S=_TEXT G=(none) M=SETENVP ACBP=28
0000:074C 0000 C=CODE S=_TEXT G=(none) M=STKLEN ACBP=28
0000:074C 0026 C=CODE S=_TEXT G=(none) M=ATEXIT ACBP=28
0000:0772 0152 C=CODE S=_TEXT G=(none) M=MALLOC ACBP=28
0000:08C4 0078 C=CODE S=_TEXT G=(none) M=BRK ACBP=28
0000:093C 0049 C=CODE S=_TEXT G=(none) M=OPENA ACBP=28
0000:0985 0000 C=CODE S=_TEXT G=(none) M=FILES2 ACBP=28
0000:0985 0046 C=CODE S=_TEXT G=(none) M=WRITEA ACBP=28
0000:09CB 002B C=CODE S=_TEXT G=(none) M=LSEEK ACBP=28
0000:09F6 0020 C=CODE S=_TEXT G=(none) M=OVERFLOW ACBP=28
00A2:0000 017B C=DATA S=_DATA G=DGROUP M=C0T ACBP=68
00A2:017C 0008 C=DATA S=_DATA G=DGROUP M=ECHOX.C ACBP=48
00A2:0184 0000 C=DATA S=_DATA G=DGROUP M=ARRCPY.C ACBP=48
00A2:0184 005B C=DATA S=_DATA G=DGROUP M=IOERROR ACBP=48
00A2:01E0 0006 C=DATA S=_DATA G=DGROUP M=EXIT ACBP=48
00A2:01E6 0002 C=DATA S=_DATA G=DGROUP M=HEAPLEN ACBP=48
00A2:01E8 0000 C=DATA S=_DATA G=DGROUP M=SETARGV ACBP=48
00A2:01E8 0000 C=DATA S=_DATA G=DGROUP M=SETENVP ACBP=48
00A2:01E8 0002 C=DATA S=_DATA G=DGROUP M=STKLEN ACBP=48
00A2:01EA 0002 C=DATA S=_DATA G=DGROUP M=ATEXIT ACBP=48
00A2:01EC 0000 C=DATA S=_DATA G=DGROUP M=MALLOC ACBP=48
00A2:01EC 0000 C=DATA S=_DATA G=DGROUP M=BRK ACBP=48
00A2:01EC 0000 C=DATA S=_DATA G=DGROUP M=OPENA ACBP=48
00A2:01EC 0028 C=DATA S=_DATA G=DGROUP M=FILES2 ACBP=48
00A2:0214 0000 C=DATA S=_DATA G=DGROUP M=WRITEA ACBP=48
00A2:0214 0000 C=DATA S=_DATA G=DGROUP M=LSEEK ACBP=48
00C3:0004 0004 C=DATA S=_EMUSEG G=DGROUP M=C0T ACBP=58
00C3:0008 0002 C=DATA S=_CRTSEG G=DGROUP M=C0T ACBP=58
00C3:000A 0000 C=DATA S=_CVTSEG G=DGROUP M=C0T ACBP=48
00C3:000A 0000 C=DATA S=_SCNSEG G=DGROUP M=C0T ACBP=48
00C3:000A 0000 C=BSS S=_BSS G=DGROUP M=C0T ACBP=48
00C3:000A 0000 C=BSS S=_BSS G=DGROUP M=ECHOX.C ACBP=48
00C3:000A 0000 C=BSS S=_BSS G=DGROUP M=ARRCPY.C ACBP=48
00C3:000A 0000 C=BSS S=_BSS G=DGROUP M=IOERROR ACBP=48
00C3:000A 0000 C=BSS S=_BSS G=DGROUP M=EXIT ACBP=48
00C3:000A 0000 C=BSS S=_BSS G=DGROUP M=HEAPLEN ACBP=48
00C3:000A 0000 C=BSS S=_BSS G=DGROUP M=STKLEN ACBP=48
00C3:000A 0040 C=BSS S=_BSS G=DGROUP M=ATEXIT ACBP=48
00C3:004A 0006 C=BSS S=_BSS G=DGROUP M=MALLOC ACBP=48
00C3:0050 0000 C=BSS S=_BSS G=DGROUP M=BRK ACBP=48
00C3:0050 0000 C=BSS S=_BSS G=DGROUP M=OPENA ACBP=48
00C3:0050 0000 C=BSS S=_BSS G=DGROUP M=FILES2 ACBP=48
00C3:0050 0000 C=BSS S=_BSS G=DGROUP M=WRITEA ACBP=48
00C3:0050 0000 C=BSS S=_BSS G=DGROUP M=LSEEK ACBP=48
00C8:0000 0000 C=STACK S=_BSSEND G=DGROUP M=C0T ACBP=28

  Address         Publics by Name

 0000:02D6       DGROUP@
 0000:0B8F       EMWS_ADJUST
 0000:0B93       EMWS_BPSAFE
 0000:0B8B       EMWS_CONTROL
 0000:0B91       EMWS_FIXSEG
 0000:0B75       EMWS_INITIALSP
 0000:0AB5       EMWS_LIMITSP
 0000:0B85       EMWS_NMIVECTOR
 0000:0B81       EMWS_SAVEVECTOR
 0000:0B95       EMWS_STAMP
 0000:0B89       EMWS_STATUS
 0000:0B8D       EMWS_TOS
 0000:0B99       EMWS_VERSION
 0000:0A08       OVERFLOW@
 0000:02C0       _ABORT
 0000:057A       _ARRCPY
 0000:074C       _ATEXIT
 0000:091C       _BRK
 0000:0A8F       _ENVIRON
 0000:0A9B       _ERRNO
 0000:05E2       _EXIT
 0000:09CB       _LSEEK
 0000:02D8       _MAIN
 0000:0851       _MALLOC
 0000:0459       _PROCESS
 0000:092A       _SBRK
 0000:0A9D       __8087
 0000:0A8B       __ARGC
 0000:0A8D       __ARGV
 0000:0C0A       __ATEXITCNT
 0000:0C3A       __ATEXITTBL
 0000:0AAD       __BRKLVL
 0000:0BA4       __DOSERRNO
 0000:0BA6       __DOSERRORTOSV
 0000:0A91       __ENVLNG
 0000:0A93       __ENVSEG
 0000:0A95       __ENVSIZE
 0000:0220       __EXIT
 0000:0C00       __EXITBUF
 0000:0C02       __EXITFOPEN
 0000:0C04       __EXITOPEN
 0000:0AA9       __HEAPBASE
 0000:0C06       __HEAPLEN
 0000:0AB1       __HEAPTOP
 0000:0A7B       __INT0VECTOR
 0000:0A7F       __INT4VECTOR
 0000:0A83       __INT5VECTOR
 0000:0A87       __INT6VECTOR
 0000:05A6       __IOERROR
 0000:093C       __OPEN
 0000:0C0C       __OPENFD
 0000:0A99       __OSMAJOR
 0000:0A9A       __OSMINOR
 0000:0A97       __PSP
 0000:0C3A       __REALCVTVECTOR
 0000:0283       __RESTOREZERO
 0000:0C3A       __SCANTODVECTOR
 0000:0617       __SETARGV
 0000:0702       __SETENVP
 0000:0A9F       __STARTTIME
 0000:0C08       __STKLEN
 0000:0A99       __VERSION
 0000:0985       __WRITE
 0000:08C4       ___BRK
 0000:0AA5       ___BRKLVL
 0000:0C7E       ___FIRST
 0000:0AA3       ___HEAPBASE
 0000:0AA7       ___HEAPTOP
 0000:0C7A       ___LAST
 0000:0772       ___PULL_FREE_BLOCK
 0000:0C7C       ___ROVER
 0000:08E8       ___SBRK

  Address         Publics by Value

 0000:0220       __EXIT
 0000:0283       __RESTOREZERO
 0000:02C0       _ABORT
 0000:02D6       DGROUP@
 0000:02D8       _MAIN
 0000:0459       _PROCESS
 0000:057A       _ARRCPY
 0000:05A6       __IOERROR
 0000:05E2       _EXIT
 0000:0617       __SETARGV
 0000:0702       __SETENVP
 0000:074C       _ATEXIT
 0000:0772       ___PULL_FREE_BLOCK
 0000:0851       _MALLOC
 0000:08C4       ___BRK
 0000:08E8       ___SBRK
 0000:091C       _BRK
 0000:092A       _SBRK
 0000:093C       __OPEN
 0000:0985       __WRITE
 0000:09CB       _LSEEK
 0000:0A08       OVERFLOW@
 0000:0A7B       __INT0VECTOR
 0000:0A7F       __INT4VECTOR
 0000:0A83       __INT5VECTOR
 0000:0A87       __INT6VECTOR
 0000:0A8B       __ARGC
 0000:0A8D       __ARGV
 0000:0A8F       _ENVIRON
 0000:0A91       __ENVLNG
 0000:0A93       __ENVSEG
 0000:0A95       __ENVSIZE
 0000:0A97       __PSP
 0000:0A99       __VERSION
 0000:0A99       __OSMAJOR
 0000:0A9A       __OSMINOR
 0000:0A9B       _ERRNO
 0000:0A9D       __8087
 0000:0A9F       __STARTTIME
 0000:0AA3       ___HEAPBASE
 0000:0AA5       ___BRKLVL
 0000:0AA7       ___HEAPTOP
 0000:0AA9       __HEAPBASE
 0000:0AAD       __BRKLVL
 0000:0AB1       __HEAPTOP
 0000:0AB5       EMWS_LIMITSP
 0000:0B75       EMWS_INITIALSP
 0000:0B81       EMWS_SAVEVECTOR
 0000:0B85       EMWS_NMIVECTOR
 0000:0B89       EMWS_STATUS
 0000:0B8B       EMWS_CONTROL
 0000:0B8D       EMWS_TOS
 0000:0B8F       EMWS_ADJUST
 0000:0B91       EMWS_FIXSEG
 0000:0B93       EMWS_BPSAFE
 0000:0B95       EMWS_STAMP
 0000:0B99       EMWS_VERSION
 0000:0BA4       __DOSERRNO
 0000:0BA6       __DOSERRORTOSV
 0000:0C00       __EXITBUF
 0000:0C02       __EXITFOPEN
 0000:0C04       __EXITOPEN
 0000:0C06       __HEAPLEN
 0000:0C08       __STKLEN
 0000:0C0A       __ATEXITCNT
 0000:0C0C       __OPENFD
 0000:0C3A       __ATEXITTBL
 0000:0C3A       __SCANTODVECTOR
 0000:0C3A       __REALCVTVECTOR
 0000:0C7A       ___LAST
 0000:0C7C       ___ROVER
 0000:0C7E       ___FIRST


